// Jest Snapshot v1, https://goo.gl/fbAQLP

exports[`snapshot testing snapshot testing for Home component 1`] = `
<div
  className="home-div"
  id="home"
>
  <div
    className="MuiGrid-root MuiGrid-container MuiGrid-spacing-xs-1 css-a5rdam-MuiGrid-root"
  >
    <div
      className="MuiGrid-root MuiGrid-container MuiGrid-item MuiGrid-grid-xs-12 MuiGrid-grid-md-5 css-sc7rel-MuiGrid-root"
      justify="center"
    >
      <h2
        className="MuiTypography-root MuiTypography-h2 main-text css-155ym27-MuiTypography-root"
      >
        Welcome to Spotify Central, begin
        <div
          className="typew"
        >
          <div
            className="Typewriter"
            data-testid="typewriter-wrapper"
          />
        </div>
        <a
          onClick={[Function]}
        >
          <button
            className="MuiButtonBase-root MuiButton-root MuiButton-contained MuiButton-containedPrimary MuiButton-sizeMedium MuiButton-containedSizeMedium MuiButton-root MuiButton-contained MuiButton-containedPrimary MuiButton-sizeMedium MuiButton-containedSizeMedium css-sghohy-MuiButtonBase-root-MuiButton-root"
            disabled={false}
            onBlur={[Function]}
            onContextMenu={[Function]}
            onDragLeave={[Function]}
            onFocus={[Function]}
            onKeyDown={[Function]}
            onKeyUp={[Function]}
            onMouseDown={[Function]}
            onMouseLeave={[Function]}
            onMouseUp={[Function]}
            onTouchEnd={[Function]}
            onTouchMove={[Function]}
            onTouchStart={[Function]}
            tabIndex={0}
            type="button"
          >
            Get Started
            <span
              className="MuiTouchRipple-root css-8je8zh-MuiTouchRipple-root"
            />
          </button>
        </a>
      </h2>
    </div>
    <div
      className="MuiGrid-root MuiGrid-container MuiGrid-item MuiGrid-grid-xs-12 MuiGrid-grid-md-7 css-19mjduq-MuiGrid-root"
    >
      <img
        alt="Music Player"
        className="main-img"
        src="/images/player.jpg"
      />
    </div>
  </div>
</div>
`;
