// Jest Snapshot v1, https://goo.gl/fbAQLP

exports[`snapshot testing snapshot testing for Top Artists component 1`] = `
<div>
  <div
    className="MuiGrid-root MuiGrid-container MuiGrid-spacing-xs-4 css-1rpkn93-MuiGrid-root"
  >
    <div
      className="MuiGrid-root MuiGrid-item MuiGrid-grid-xs-2 css-1o7apob-MuiGrid-root"
    >
      <div
        className="MuiPaper-root MuiPaper-elevation MuiPaper-rounded MuiPaper-elevation1 MuiCard-root css-qpjsw6-MuiPaper-root-MuiCard-root"
      >
        <div
          className="MuiCardContent-root css-46bh2p-MuiCardContent-root"
        >
          <h5
            className="MuiTypography-root MuiTypography-h5 css-sott8b-MuiTypography-root"
          >
            Top Songs
          </h5>
        </div>
      </div>
    </div>
    <div
      className="MuiGrid-root MuiGrid-item MuiGrid-grid-xs-7 css-uqwprf-MuiGrid-root"
    >
      <div
        className="MuiGrid-root MuiGrid-container MuiGrid-spacing-xs-2 css-mhc70k-MuiGrid-root"
      />
    </div>
    <div
      className="MuiGrid-root MuiGrid-item MuiGrid-grid-xs-3 css-1equabv-MuiGrid-root"
    />
  </div>
</div>
`;
